{
  "headers": {
    "host": "localhost:5000",
    "connection": "keep-alive",
    "content-length": "984",
    "sec-ch-ua-platform": "\"Windows\"",
    "user-agent": "Mozilla/5.0 (Windows NT 10.0; Win64; x64) AppleWebKit/537.36 (KHTML, like Gecko) Chrome/145.0.0.0 Safari/537.36",
    "sec-ch-ua": "\"Not:A-Brand\";v=\"99\", \"Google Chrome\";v=\"145\", \"Chromium\";v=\"145\"",
    "content-type": "multipart/form-data; boundary=----WebKitFormBoundaryX53I76EZHy5BbwAh",
    "sec-ch-ua-mobile": "?0",
    "accept": "*/*",
    "origin": "http://localhost:5000",
    "sec-fetch-site": "same-origin",
    "sec-fetch-mode": "cors",
    "sec-fetch-dest": "empty",
    "referer": "http://localhost:5000/schools",
    "accept-encoding": "gzip, deflate, br, zstd",
    "accept-language": "en-US,en;q=0.9",
    "cookie": "connect.sid=s%3AHFj-XJ4xR4raBe5k2YLTrOy3sTryuEUU.tZZ4jXYIhaJNs5dDI45u8yeGnbGZlFJbPyc0wv6UhRE"
  },
  "body": {
    "name": "aaaaaaa",
    "admin": {
      "name": "ahmed",
      "email": "ahmed@gemail.com",
      "password": "12345678",
      "phone": "01282088582"
    },
    "address": "aaaaaaaaaaaaaaaaaa",
    "lat": "10.1",
    "lng": "20.2",
    "geofenceRadius": "100"
  },
  "file": null
}